// Jest Snapshot v1, https://goo.gl/fbAQLP

exports[`Component: <Button {...} /> Should be able to render default state 1`] = `
<div>
  <button>
    click me
  </button>
</div>
`;
