// Jest Snapshot v1, https://goo.gl/fbAQLP

exports[`Component: <NavBar {...} /> Should be able to render default state 1`] = `
<div>
  <nav
    class="bg-white p-1 flex justify-between"
  >
    <div
      class="m-0 p-0"
    >
      <a
        href="/"
      >
        <img
          alt="Open table"
          data-nimg="1"
          decoding="async"
          height="200"
          loading="lazy"
          src="/opentable-logo.svg"
          style="color: transparent;"
          width="200"
        />
      </a>
    </div>
    <div
      class="flex"
    >
      <div
        class="p-1 h-auto"
      >
        <button
          class="rounded w-full px-4 py-2 text-center text-sm transition-all duration-300 hover:shadow-md cursor-pointer disabled:cursor-not-allowed bg-shades-100 text-white hover:bg-shades-200"
        >
           
          Sign in
        </button>
      </div>
      <div
        class="p-1 h-auto"
      >
        <button
          class="rounded w-full px-4 py-2 text-center text-sm transition-all duration-300 hover:shadow-md cursor-pointer disabled:cursor-not-allowed bg-white hover:bg-gray-50 border text-black"
        >
           
          Sign up
        </button>
      </div>
      <div
        class="flex items-center px-2"
      >
        <svg
          aria-hidden="true"
          class="h-6 w-6 text-black inline-block cursor-pointer"
          fill="currentColor"
          viewBox="0 0 24 24"
          xmlns="http://www.w3.org/2000/svg"
        >
          <path
            clip-rule="evenodd"
            d="M10.5 3.75a6.75 6.75 0 100 13.5 6.75 6.75 0 000-13.5zM2.25 10.5a8.25 8.25 0 1114.59 5.28l4.69 4.69a.75.75 0 11-1.06 1.06l-4.69-4.69A8.25 8.25 0 012.25 10.5z"
            fill-rule="evenodd"
          />
        </svg>
      </div>
    </div>
  </nav>
</div>
`;
