// Jest Snapshot v1, https://goo.gl/fbAQLP

exports[`Component: <Input {...} /> Should be able to render default state 1`] = `
<div>
  <div
    class="min-w-[290px] px-2 md:px-0 w-full relative"
  >
    <input
      class="border border-gray-200 rounded md:mr-3 pl-10 py-2 h-12 w-full"
      placeholder="search location"
    />
    <svg
      aria-hidden="true"
      class="absolute top-1/4 left-4 text-black"
      fill="currentColor"
      viewBox="0 0 24 24"
      width="24"
      xmlns="http://www.w3.org/2000/svg"
    >
      <path
        clip-rule="evenodd"
        d="M10.5 3.75a6.75 6.75 0 100 13.5 6.75 6.75 0 000-13.5zM2.25 10.5a8.25 8.25 0 1114.59 5.28l4.69 4.69a.75.75 0 11-1.06 1.06l-4.69-4.69A8.25 8.25 0 012.25 10.5z"
        fill-rule="evenodd"
      />
    </svg>
  </div>
</div>
`;
